[*] Starting Full 13-Module Security Audit against frankfru.com...
============================================================

>>> [1/13 | Web App Vulnerability Scan] Command: python3 scanner.py https://frankfru.com
[*] Scanning target: https://frankfru.com
----------------------------------------
[+] Checking HTTP Security Headers:
    [SECURE] Content-Security-Policy is present.
    [SECURE] X-Frame-Options is present.
    [SECURE] X-Content-Type-Options is present.
    [SECURE] Strict-Transport-Security is present.

[+] Checking for Exposed Sensitive Files:
    [SAFE] Not found: .git/config
    [SAFE] Not found: .env
    [SAFE] Not found: config.json
    [SAFE] Not found: backup.zip
----------------------------------------
[+] Scan completed!
------------------------------------------------------------

>>> [2/13 | Log Analysis & Threat Detection] Command: python3 log_analyzer.py sample_access.log
[*] Analyzing server logs for security threats...
--------------------------------------------------
[+] Potential Brute-Force Sources (Multiple 401 Unauthorized):
    [ALERT] IP 203.0.113.42 had 4 failed login attempts.

[+] Potential Reconnaissance / Vulnerability Scans:
    [CRITICAL] IP 198.51.100.15 requested sensitive paths 2 times.
--------------------------------------------------
[+] Log analysis completed successfully!
------------------------------------------------------------

>>> [3/13 | Encrypted File Share Test] Command: python3 file_encryptor.py
[*] Executed (silent/interactive exit 0)
------------------------------------------------------------

>>> [4/13 | Automated Secret Scan] Command: python3 secret_scanner.py
[*] Starting Automated Secret Scan...
----------------------------------------
[*] Scanning file for secrets: ./log_analyzer.py
[*] Scanning file for secrets: ./scanner.py
[*] Scanning file for secrets: ./requirements.txt
[*] Scanning file for secrets: ./secret_scanner.py
[*] Scanning file for secrets: ./run_all_tools.py
[*] Scanning file for secrets: ./subdomain_scanner.py
[*] Scanning file for secrets: ./portfolio_dashboard.py
[*] Scanning file for secrets: ./threat_intel.py
[*] Scanning file for secrets: ./password_checker.py
[*] Scanning file for secrets: ./s3_auditor.py
[*] Scanning file for secrets: ./app.py
[*] Scanning file for secrets: ./cf_cli.py
[*] Scanning file for secrets: ./ssl_checker.py
[*] Scanning file for secrets: ./phishing_simulator.py
[*] Scanning file for secrets: ./test_app.py
[*] Scanning file for secrets: ./jwt_auditor.py
[*] Scanning file for secrets: ./port_scanner.py
[*] Scanning file for secrets: ./file_encryptor.py
[*] Scanning file for secrets: ./.github/workflows/security_ci.yml
[*] Scanning file for secrets: ./.github/workflows/prod-monitor.yml
----------------------------------------
[+] Scan complete: No secrets found. Code looks clean!
------------------------------------------------------------

>>> [5/13 | Network Port Scan] Command: python3 port_scanner.py frankfru.com
==================================================
[*] Starting Port Scan on target: 104.21.23.252
[*] Time started: 2026-09-17 18:57:56.850918
==================================================

    [OPEN] Port 80 is open
    [OPEN] Port 443 is open

==================================================
[+] Port scanning completed!
==================================================
------------------------------------------------------------

>>> [6/13 | Phishing Awareness Simulator] Command: python3 phishing_simulator.py
[*] Generating phishing simulation template for: employee@example.com
--------------------------------------------------

[+] Phishing Template Generated Successfully:
--------------------------------------------------
Subject: URGENT: Immediate Password Reset Required
From: security-admin@corporate-internal-auth.com
To: employee@example.com
Content-Type: text/plain; charset="utf-8"
Content-Transfer-Encoding: quoted-printable
MIME-Version: 1.0

Dear Employee,

    We have detected unusual sign-in activity on your corporate account for c=
ampaign 'Q3-Security-Awareness'.=20
    To protect your account, you are required to verify your credentials with=
in 24 hours.

    Please click the secure link below to verify your identity:
    https://internal-auth-portal-secure-login.com/verify?user=3Demployee@exam=
ple.com

    If you did not initiate this request, please contact IT Security immediat=
ely.

    Best regards,
    Corporate IT Security Team

--------------------------------------------------
[*] Note: Run with '--send' flag to push this template directly to your local Mailpit server.
    Example: python3 phishing_simulator.py employee@example.com --send
------------------------------------------------------------

>>> [7/13 | JWT Security Auditor] Command: python3 jwt_auditor.py
[*] Auditing JWT for security misconfigurations...
--------------------------------------------------
[+] Decoded Header: {
  "alg": "none",
  "typ": "JWT"
}
[+] Decoded Payload: {
  "sub": "1234567890",
  "name": "John Doe",
  "admin": true
}

[+] Security Analysis:
    [CRITICAL] Token uses the 'none' algorithm! This allows signature bypass.
    [WARNING] Missing 'exp' (Expiration) claim. Token never expires.
--------------------------------------------------
[+] JWT audit completed!
------------------------------------------------------------

>>> [8/13 | SSL/TLS Certificate Inspector] Command: python3 ssl_checker.py frankfru.com
[*] Inspecting SSL/TLS certificate for: frankfru.com:443
--------------------------------------------------
[+] Common Name (CN): frankfru.com
[+] Issuer: {'countryName': 'US', 'organizationName': 'Google Trust Services', 'commonName': 'WE1'}
[+] Expiration Date: 2026-11-01 22:02:12
    [SECURE] Certificate is valid for another 45 days.
--------------------------------------------------
[+] SSL check completed!
------------------------------------------------------------

>>> [9/13 | Password Strength / HIBP Check] Command: python3 password_checker.py
Usage: python3 password_checker.py <password>
------------------------------------------------------------

>>> [10/13 | Subdomain Enumerator (CRT.sh)] Command: python3 subdomain_scanner.py frankfru.com
[*] Enumerating subdomains for: frankfru.com
--------------------------------------------------
[*] Found 1 unique subdomains. Resolving active hosts...
    [ACTIVE] frankfru.com -> 104.21.23.252
--------------------------------------------------
[+] Subdomain enumeration completed!
------------------------------------------------------------

>>> [11/13 | AWS S3 Bucket Exposure Audit] Command: python3 s3_auditor.py frankfru.com
[*] Auditing Storage Bucket: frankfru.com
--------------------------------------------------
    [ERROR] Audit connection failed: HTTPSConnectionPool(host='frankfru.com.s3.amazonaws.com', port=443): Max retries exceeded with url: / (Caused by SSLError(SSLCertVerificationError(1, "[SSL: CERTIFICATE_VERIFY_FAILED] certificate verify failed: Hostname mismatch, certificate is not valid for 'frankfru.com.s3.amazonaws.com'. (_ssl.c:1082)")))
--------------------------------------------------
[+] Cloud storage audit completed!
------------------------------------------------------------

>>> [12/13 | Threat Intel & IP Lookup] Command: python3 threat_intel.py frankfru.com
[*] Querying Threat Intelligence for IP: frankfru.com
--------------------------------------------------
    [INFO] Country: Canada (CA)
    [INFO] Region/City: Ontario, Toronto
    [INFO] ISP / Org: Cloudflare, Inc. / Cloudflare, Inc.
    [SECURE] IP record retrieved successfully from registry.
--------------------------------------------------
[+] Threat Intelligence lookup completed!
------------------------------------------------------------

>>> [13/13 | Master Inventory Summary] Command: python3 portfolio_dashboard.py
=================================================================
        CHIFRU19 CYBERSECURITY PORTFOLIO - MASTER DASHBOARD        
=================================================================
[Project 1] scanner.py             - [VERIFIED & ACTIVE]
      Desc: Web App Vulnerability Scanner (Headers & Exposed Files)
-----------------------------------------------------------------
[Project 2] log_analyzer.py        - [VERIFIED & ACTIVE]
      Desc: Log Analysis & Threat Detection (Brute-Force & Recon)
-----------------------------------------------------------------
[Project 3] file_encryptor.py      - [VERIFIED & ACTIVE]
      Desc: Encrypted File Share & Secure Uploader (Fernet Encryption)
-----------------------------------------------------------------
[Project 4] secret_scanner.py      - [VERIFIED & ACTIVE]
      Desc: Automated Git Repository Secret Scanner (Regex Leak Detector)
-----------------------------------------------------------------
[Project 5] port_scanner.py        - [VERIFIED & ACTIVE]
      Desc: Network Port Scanner (Multi-threaded TCP Socket Mapper)
-----------------------------------------------------------------
[Project 6] phishing_simulator.py  - [VERIFIED & ACTIVE]
      Desc: Phishing Awareness Simulation Tool (Educational Templates)
-----------------------------------------------------------------
[Project 7] jwt_auditor.py         - [VERIFIED & ACTIVE]
      Desc: JWT Security Auditor (Misconfiguration & Signature Bypass Checker)
-----------------------------------------------------------------
[Project 8] ssl_checker.py         - [VERIFIED & ACTIVE]
      Desc: SSL/TLS Certificate Expiration & Security Inspector
-----------------------------------------------------------------
[Project 9] password_checker.py    - [VERIFIED & ACTIVE]
      Desc: Password Strength & Breach Checker (HIBP API Integration)
-----------------------------------------------------------------
[Project 10] subdomain_scanner.py   - [VERIFIED & ACTIVE]
      Desc: Subdomain Enumerator (CRT.sh Public Record Multi-threaded Resolver)
-----------------------------------------------------------------
[Project 11] s3_auditor.py          - [VERIFIED & ACTIVE]
      Desc: AWS S3 Storage Bucket Security & Exposure Auditor
-----------------------------------------------------------------
[Project 12] threat_intel.py        - [VERIFIED & ACTIVE]
      Desc: Automated Threat Intelligence & IP Geolocation Lookup Tool
-----------------------------------------------------------------
[Project 13] portfolio_dashboard.py - [VERIFIED & ACTIVE]
      Desc: Master Portfolio Command Center & Status Dashboard
=================================================================
[+] Portfolio Status: 13/13 Security Projects Active & Pushed to GitHub.
[+] Author: Frank Fru (chifru19@googlemail.com)
[+] Website: https://frankfru.com | GitHub: https://github.com/chifru19
=================================================================
------------------------------------------------------------
